

================================================================
== Vivado HLS Report for 'filter_top'
================================================================
* Date:           Sat Mar 24 15:13:16 2018

* Version:        2014.4 (Build 1071461 on Tue Nov 18 16:42:57 PM 2014)
* Project:        fft_filter_hlsprj
* Solution:       solution3
* Product family: kintex7
* Target device:  xc7k410tffg900-2


================================================================
== Performance Estimates
================================================================
+ Timing (ns): 
    * Summary: 
    +---------+-------+----------+------------+
    |  Clock  | Target| Estimated| Uncertainty|
    +---------+-------+----------+------------+
    |default  |   3.30|      2.89|        0.41|
    +---------+-------+----------+------------+

+ Latency (clock cycles): 
    * Summary: 
    +-------+-------+-------+-------+----------+
    |    Latency    |    Interval   | Pipeline |
    |  min  |  max  |  min  |  max  |   Type   |
    +-------+-------+-------+-------+----------+
    |  22529|  22529|  22530|  22530| dataflow |
    +-------+-------+-------+-------+----------+

    + Detail: 
        * Instance: 
        +-------------------------------------+--------------------------+-------+-------+-------+-------+---------+
        |                                     |                          |    Latency    |    Interval   | Pipeline|
        |               Instance              |          Module          |  min  |  max  |  min  |  max  |   Type  |
        +-------------------------------------+--------------------------+-------+-------+-------+-------+---------+
        |grp_filter_top_dummy_proc_fe_fu_141  |filter_top_dummy_proc_fe  |   8193|  10241|   8193|  10241|   none  |
        |grp_fft_config1_s_fu_157             |fft_config1_s             |   6278|   6278|   6278|   6278|   none  |
        |grp_fft_config2_s_fu_165             |fft_config2_s             |   6278|   6278|   6278|   6278|   none  |
        |grp_filter_top_dummy_proc_be_fu_129  |filter_top_dummy_proc_be  |  22529|  22529|  22529|  22529|   none  |
        +-------------------------------------+--------------------------+-------+-------+-------+-------+---------+

        * Loop: 
        N/A



================================================================
== Utilization Estimates
================================================================
* Summary: 
+-----------------+---------+-------+--------+--------+
|       Name      | BRAM_18K| DSP48E|   FF   |   LUT  |
+-----------------+---------+-------+--------+--------+
|Expression       |        -|      -|       -|       -|
|FIFO             |       24|      -|     478|     704|
|Instance         |       34|     96|   36705|   29311|
|Memory           |        -|      -|       -|       -|
|Multiplexer      |        -|      -|       -|       2|
|Register         |        -|      -|       9|       -|
+-----------------+---------+-------+--------+--------+
|Total            |       58|     96|   37192|   30017|
+-----------------+---------+-------+--------+--------+
|Available        |     1590|   1540|  508400|  254200|
+-----------------+---------+-------+--------+--------+
|Utilization (%)  |        3|      6|       7|      11|
+-----------------+---------+-------+--------+--------+

+ Detail: 
    * Instance: 
    +-----------------------------+--------------------------+---------+-------+-------+-------+
    |           Instance          |          Module          | BRAM_18K| DSP48E|   FF  |  LUT  |
    +-----------------------------+--------------------------+---------+-------+-------+-------+
    |fft_config1_U0               |fft_config1_s             |       16|     40|  17987|  14499|
    |fft_config2_U0               |fft_config2_s             |       16|     40|  17987|  14499|
    |filter_top_dummy_proc_be_U0  |filter_top_dummy_proc_be  |        0|     16|    559|    175|
    |filter_top_dummy_proc_fe_U0  |filter_top_dummy_proc_fe  |        2|      0|    172|    138|
    +-----------------------------+--------------------------+---------+-------+-------+-------+
    |Total                        |                          |       34|     96|  36705|  29311|
    +-----------------------------+--------------------------+---------+-------+-------+-------+

    * Memory: 
    N/A

    * FIFO: 
    +-------------------------+---------+-----+-----+------+-----+---------+
    |           Name          | BRAM_18K|  FF | LUT | Depth| Bits| Size:D*B|
    +-------------------------+---------+-----+-----+------+-----+---------+
    |fft_config_fwd_data_V_U  |        2|   64|  132|  2048|   16|    32768|
    |fft_config_inv_data_V_U  |        2|   64|  132|  2048|   16|    32768|
    |xk2_channel_U            |        4|   83|   93|    64|   64|     4096|
    |xk_channel_U             |        4|   83|   93|    64|   64|     4096|
    |xn2_channel_U            |        4|   83|   93|    64|   64|     4096|
    |xn_channel_U             |        8|  101|  161|  1344|   64|    86016|
    +-------------------------+---------+-----+-----+------+-----+---------+
    |Total                    |       24|  478|  704|  5632|  288|   163840|
    +-------------------------+---------+-----+-----+------+-----+---------+

    * Expression: 
    N/A

    * Multiplexer: 
    +---------------------------------------------------+----+-----------+-----+-----------+
    |                        Name                       | LUT| Input Size| Bits| Total Bits|
    +---------------------------------------------------+----+-----------+-----+-----------+
    |ap_sig_ready_filter_top_dummy_proc_be_U0_ap_ready  |   1|          2|    1|          2|
    |ap_sig_ready_filter_top_dummy_proc_fe_U0_ap_ready  |   1|          2|    1|          2|
    +---------------------------------------------------+----+-----------+-----+-----------+
    |Total                                              |   2|          4|    2|          4|
    +---------------------------------------------------+----+-----------+-----+-----------+

    * Register: 
    +---------------------------------------------------+---+----+-----+-----------+
    |                        Name                       | FF| LUT| Bits| Const Bits|
    +---------------------------------------------------+---+----+-----+-----------+
    |ap_CS                                              |  1|   0|    1|          0|
    |ap_reg_procdone_fft_config1_U0                     |  1|   0|    1|          0|
    |ap_reg_procdone_fft_config2_U0                     |  1|   0|    1|          0|
    |ap_reg_procdone_filter_top_dummy_proc_be_U0        |  1|   0|    1|          0|
    |ap_reg_procdone_filter_top_dummy_proc_fe_U0        |  1|   0|    1|          0|
    |ap_reg_ready_filter_top_dummy_proc_be_U0_ap_ready  |  1|   0|    1|          0|
    |ap_reg_ready_filter_top_dummy_proc_fe_U0_ap_ready  |  1|   0|    1|          0|
    |fft_config1_U0_ap_start                            |  1|   0|    1|          0|
    |fft_config2_U0_ap_start                            |  1|   0|    1|          0|
    +---------------------------------------------------+---+----+-----+-----------+
    |Total                                              |  9|   0|    9|          0|
    +---------------------------------------------------+---+----+-----+-----------+



================================================================
== Interface
================================================================
* Summary: 
+-----------------+-----+-----+------------+--------------+--------------+
|    RTL Ports    | Dir | Bits|  Protocol  | Source Object|    C Type    |
+-----------------+-----+-----+------------+--------------+--------------+
|coefs_address0   | out |   11|  ap_memory |     coefs    |     array    |
|coefs_ce0        | out |    1|  ap_memory |     coefs    |     array    |
|coefs_d0         | out |   64|  ap_memory |     coefs    |     array    |
|coefs_q0         |  in |   64|  ap_memory |     coefs    |     array    |
|coefs_we0        | out |    1|  ap_memory |     coefs    |     array    |
|in_r_TDATA       |  in |   64|    axis    |     in_r     |    pointer   |
|in_r_TVALID      |  in |    1|    axis    |     in_r     |    pointer   |
|in_r_TREADY      | out |    1|    axis    |     in_r     |    pointer   |
|inxn2_address0   | out |   11|  ap_memory |     inxn2    |     array    |
|inxn2_ce0        | out |    1|  ap_memory |     inxn2    |     array    |
|inxn2_d0         | out |   64|  ap_memory |     inxn2    |     array    |
|inxn2_q0         |  in |   64|  ap_memory |     inxn2    |     array    |
|inxn2_we0        | out |    1|  ap_memory |     inxn2    |     array    |
|outxk1_address0  | out |   11|  ap_memory |    outxk1    |     array    |
|outxk1_ce0       | out |    1|  ap_memory |    outxk1    |     array    |
|outxk1_d0        | out |   64|  ap_memory |    outxk1    |     array    |
|outxk1_q0        |  in |   64|  ap_memory |    outxk1    |     array    |
|outxk1_we0       | out |    1|  ap_memory |    outxk1    |     array    |
|out_r_TDATA      | out |   64|    axis    |     out_r    |    pointer   |
|out_r_TVALID     | out |    1|    axis    |     out_r    |    pointer   |
|out_r_TREADY     |  in |    1|    axis    |     out_r    |    pointer   |
|ap_clk           |  in |    1| ap_ctrl_hs |  filter_top  | return value |
|ap_rst_n         |  in |    1| ap_ctrl_hs |  filter_top  | return value |
|ap_done          | out |    1| ap_ctrl_hs |  filter_top  | return value |
|ap_start         |  in |    1| ap_ctrl_hs |  filter_top  | return value |
|ap_idle          | out |    1| ap_ctrl_hs |  filter_top  | return value |
|ap_ready         | out |    1| ap_ctrl_hs |  filter_top  | return value |
+-----------------+-----+-----+------------+--------------+--------------+

