Copyright 1986-2014 Xilinx, Inc. All Rights Reserved.
----------------------------------------------------------------------------------------------
| Tool Version : Vivado v.2014.4 (lin64) Build 1071353 Tue Nov 18 16:47:07 MST 2014
| Date         : Thu Nov  9 08:53:16 2017
| Host         : commlab-server.uni.lux running 64-bit unknown
| Command      : report_control_sets -verbose -file sosf_detector_top_control_sets_placed.rpt
| Design       : sosf_detector_top
| Device       : xc7k410t
----------------------------------------------------------------------------------------------

Control Set Information

Table of Contents
-----------------
1. Summary
2. Flip-Flop Distribution
3. Detailed Control Set Information

1. Summary
----------

+-------------------------------------------------------------------+-------+
|                               Status                              | Count |
+-------------------------------------------------------------------+-------+
| Number of unique control sets                                     |   103 |
| Minimum Number of register sites lost to control set restrictions |   265 |
+-------------------------------------------------------------------+-------+


2. Flip-Flop Distribution
-------------------------

+--------------+-----------------------+------------------------+-----------------+--------------+
| Clock Enable | Synchronous Set/Reset | Asynchronous Set/Reset | Total Registers | Total Slices |
+--------------+-----------------------+------------------------+-----------------+--------------+
| No           | No                    | No                     |            1080 |          285 |
| No           | No                    | Yes                    |               0 |            0 |
| No           | Yes                   | No                     |             311 |          136 |
| Yes          | No                    | No                     |            7360 |         1656 |
| Yes          | No                    | Yes                    |               0 |            0 |
| Yes          | Yes                   | No                     |            1056 |          320 |
+--------------+-----------------------+------------------------+-----------------+--------------+


3. Detailed Control Set Information
-----------------------------------

+--------------+-----------------------------------------------------------------------------------------------------------------------------------------------------------------------------+----------------------------------------------------------------------------------------------------------------------------------------------------------------------------------------------------------------------------------------------------------+------------------+----------------+
| Clock Signal |                                                                                Enable Signal                                                                                |                                                                                                                     Set/Reset Signal                                                                                                                     | Slice Load Count | Bel Load Count |
+--------------+-----------------------------------------------------------------------------------------------------------------------------------------------------------------------------+----------------------------------------------------------------------------------------------------------------------------------------------------------------------------------------------------------------------------------------------------------+------------------+----------------+
|  ap_clk      | fft_status_data_V_U/U_FIFO_sosf_detector_top_fft_status_data_V_shiftReg/ce                                                                                                  |                                                                                                                                                                                                                                                          |                1 |              1 |
|  ap_clk      |                                                                                                                                                                             | fft_config1_U0/inst/U0/i_synth/xfft_inst/floating_point.xfft_inst/fft/non_floating_point.arch_d.xfft_inst/FLOW/reset_sustain.delay_reset_3/O1                                                                                                            |                1 |              1 |
|  ap_clk      |                                                                                                                                                                             | fft_config1_U0/inst/U0/i_synth/xfft_inst/floating_point.xfft_inst/fft/non_floating_point.arch_d.xfft_inst/FLOW/reset_sustain.resets_4_pes[0].delay_reset_pe/I4[0]                                                                                        |                1 |              1 |
|  ap_clk      |                                                                                                                                                                             | fft_config1_U0/inst/U0/i_synth/xfft_inst/floating_point.xfft_inst/fft/non_floating_point.arch_d.xfft_inst/FLOW/reset_sustain.resets_4_pes[2].delay_reset_pe/reset_sustained_raw[0]                                                                       |                1 |              1 |
|  ap_clk      |                                                                                                                                                                             | fft_config1_U0/inst/U0/i_synth/xfft_inst/floating_point.xfft_inst/fft/non_floating_point.arch_d.xfft_inst/FLOW/reset_sustain.resets_4_pes[1].delay_reset_pe/reset_sustained_raw[0]                                                                       |                1 |              1 |
|  ap_clk      |                                                                                                                                                                             | fft_config1_U0/inst/U0/i_synth/xfft_inst/floating_point.xfft_inst/fft/non_floating_point.arch_d.xfft_inst/FLOW/reset_sustain.resets_4_pes[4].delay_reset_pe/reset_sustained_raw[0]                                                                       |                1 |              1 |
|  ap_clk      |                                                                                                                                                                             | fft_config1_U0/inst/U0/i_synth/xfft_inst/floating_point.xfft_inst/fft/non_floating_point.arch_d.xfft_inst/FLOW/reset_sustain.resets_4_pes[3].delay_reset_pe/reset_sustained_raw[0]                                                                       |                1 |              1 |
|  ap_clk      | fft_config1_U0/inst/U0/i_synth/axi_wrapper/gen_status_channel.status_fifo/gen_non_real_time.fifo/fifo0/rd_enable                                                            |                                                                                                                                                                                                                                                          |                1 |              1 |
|  ap_clk      | fft_config1_U0/inst/U0/i_synth/axi_wrapper/config_channel_fifo/gen_non_real_time.data_in_fifo_pt1/wr_enable                                                                 |                                                                                                                                                                                                                                                          |                1 |              1 |
|  ap_clk      | fft_config1_U0/inst/U0/i_synth/axi_wrapper/gen_status_channel.status_fifo/status_fifo_write_decision                                                                        |                                                                                                                                                                                                                                                          |                1 |              1 |
|  ap_clk      |                                                                                                                                                                             | fft_config1_U0/inst/U0/i_synth/xfft_inst/floating_point.xfft_inst/fft/non_floating_point.arch_d.xfft_inst/FLOW/reset_sustain.delay_reset_7/O2                                                                                                            |                2 |              2 |
|  ap_clk      | fft_config1_U0/inst/U0/i_synth/axi_wrapper/count_ce                                                                                                                         | fft_config1_U0/inst/U0/i_synth/axi_wrapper/SR[0]                                                                                                                                                                                                         |                2 |              3 |
|  ap_clk      | fft_config1_U0/inst/U0/i_synth/axi_wrapper/count_ce_0                                                                                                                       | fft_config1_U0/inst/U0/i_synth/axi_wrapper/SR[0]                                                                                                                                                                                                         |                2 |              4 |
|  ap_clk      | fft_config1_U0/inst/U0/i_synth/axi_wrapper/ce_w2c                                                                                                                           | fft_config1_U0/inst/U0/i_synth/xfft_inst/floating_point.xfft_inst/fft/non_floating_point.arch_d.xfft_inst/n_2_reset_delays[0].first.reset_del_reg[0]                                                                                                     |                4 |              4 |
|  ap_clk      | fft_config1_U0/inst/U0/i_synth/axi_wrapper/ce_w2c                                                                                                                           | fft_config1_U0/inst/U0/i_synth/xfft_inst/floating_point.xfft_inst/fft/non_floating_point.arch_d.xfft_inst/n_2_reset_delays[1].other.reset_del_reg[1]                                                                                                     |                4 |              4 |
|  ap_clk      | fft_config1_U0/inst/U0/i_synth/axi_wrapper/O10[0]                                                                                                                           | fft_config1_U0/inst/U0/i_synth/axi_wrapper/O8[0]                                                                                                                                                                                                         |                1 |              4 |
|  ap_clk      | fft_config1_U0/inst/U0/i_synth/axi_wrapper/ce_w2c                                                                                                                           | fft_config1_U0/inst/U0/i_synth/xfft_inst/floating_point.xfft_inst/fft/non_floating_point.arch_d.xfft_inst/n_2_reset_delays[2].other.reset_del_reg[2]                                                                                                     |                4 |              4 |
|  ap_clk      | fft_config1_U0/inst/U0/i_synth/axi_wrapper/ce_w2c                                                                                                                           | fft_config1_U0/inst/U0/i_synth/axi_wrapper/O15                                                                                                                                                                                                           |                3 |              4 |
|  ap_clk      |                                                                                                                                                                             | fft_config1_U0/inst/U0/i_synth/axi_wrapper/SR[0]                                                                                                                                                                                                         |                3 |              4 |
|  ap_clk      | fft_config1_U0/inst/U0/i_synth/axi_wrapper/ce_w2c                                                                                                                           | fft_config1_U0/inst/U0/i_synth/xfft_inst/floating_point.xfft_inst/fft/non_floating_point.arch_d.xfft_inst/n_2_reset_delays[3].other.reset_del_reg[3]                                                                                                     |                4 |              4 |
|  ap_clk      | fft_config1_U0/inst/U0/i_synth/axi_wrapper/count_ce_1                                                                                                                       | fft_config1_U0/inst/U0/i_synth/axi_wrapper/SR[0]                                                                                                                                                                                                         |                2 |              5 |
|  ap_clk      |                                                                                                                                                                             | sosf_detector_top_dummy_proc_be_U0/sosf_detector_top_fsub_32ns_32ns_32_10_full_dsp_U6/sosf_detector_top_ap_fsub_8_full_dsp_32_u/U0/i_synth/ADDSUB_OP.ADDSUB/SPEED_OP.DSP.OP/DSP48E1_BODY.ALIGN_ADD/SHIFT_DELAY/i_pipe/n_2_opt_has_pipe.first_q[13]_i_1   |                2 |              5 |
|  ap_clk      |                                                                                                                                                                             | sosf_detector_top_dummy_proc_be_U0/sosf_detector_top_fadd_32ns_32ns_32_10_full_dsp_U7/sosf_detector_top_ap_fadd_8_full_dsp_32_u/U0/i_synth/ADDSUB_OP.ADDSUB/SPEED_OP.DSP.OP/DSP48E1_BODY.ALIGN_ADD/SHIFT_DELAY/i_pipe/n_2_opt_has_pipe.first_q[13]_i_1   |                2 |              5 |
|  ap_clk      | fft_config1_U0/inst/U0/i_synth/axi_wrapper/count_ce_5                                                                                                                       | fft_config1_U0/inst/U0/i_synth/axi_wrapper/SR[0]                                                                                                                                                                                                         |                3 |              6 |
|  ap_clk      | fft_config1_U0/inst/U0/i_synth/axi_wrapper/count_ce_4                                                                                                                       | fft_config1_U0/inst/U0/i_synth/axi_wrapper/SR[0]                                                                                                                                                                                                         |                3 |              6 |
|  ap_clk      | fft_config1_U0/inst/U0/i_synth/axi_wrapper/ce_w2c                                                                                                                           | fft_config1_U0/inst/U0/i_synth/axi_wrapper/reset_pipe[1]                                                                                                                                                                                                 |                4 |              7 |
|  ap_clk      |                                                                                                                                                                             | sosf_detector_top_dummy_proc_be_U0/sosf_detector_top_fmul_32ns_32ns_32_6_max_dsp_U8/sosf_detector_top_ap_fmul_4_max_dsp_32_u/U0/i_synth/MULT.OP/EXP/SIG_DELAY/i_pipe/p_27_out                                                                            |                2 |              7 |
|  ap_clk      | fft_config1_U0/inst/U0/i_synth/axi_wrapper/count_ce_2                                                                                                                       | fft_config1_U0/inst/U0/i_synth/axi_wrapper/SR[0]                                                                                                                                                                                                         |                3 |              7 |
|  ap_clk      |                                                                                                                                                                             | sosf_detector_top_dummy_proc_be_U0/sosf_detector_top_fmul_32ns_32ns_32_6_max_dsp_U11/sosf_detector_top_ap_fmul_4_max_dsp_32_u/U0/i_synth/MULT.OP/EXP/SIG_DELAY/i_pipe/p_27_out                                                                           |                4 |              7 |
|  ap_clk      |                                                                                                                                                                             | sosf_detector_top_dummy_proc_be_U0/sosf_detector_top_fmul_32ns_32ns_32_6_max_dsp_U10/sosf_detector_top_ap_fmul_4_max_dsp_32_u/U0/i_synth/MULT.OP/EXP/SIG_DELAY/i_pipe/p_27_out                                                                           |                3 |              7 |
|  ap_clk      | fft_config1_U0/inst/U0/i_synth/axi_wrapper/count_ce_3                                                                                                                       | fft_config1_U0/inst/U0/i_synth/axi_wrapper/SR[0]                                                                                                                                                                                                         |                3 |              7 |
|  ap_clk      |                                                                                                                                                                             | sosf_detector_top_dummy_proc_be_U0/sosf_detector_top_fmul_32ns_32ns_32_6_max_dsp_U9/sosf_detector_top_ap_fmul_4_max_dsp_32_u/U0/i_synth/MULT.OP/EXP/SIG_DELAY/i_pipe/p_27_out                                                                            |                3 |              7 |
|  ap_clk      | fft_config1_U0/inst/U0/i_synth/axi_wrapper/O5                                                                                                                               | fft_config1_U0/inst/U0/i_synth/axi_wrapper/O17                                                                                                                                                                                                           |                2 |              8 |
|  ap_clk      | fft_config1_U0/inst/U0/i_synth/axi_wrapper/p_0_in                                                                                                                           | fft_config1_U0/inst/U0/i_synth/axi_wrapper/O25                                                                                                                                                                                                           |                1 |              8 |
|  ap_clk      | fft_config1_U0/inst/U0/i_synth/axi_wrapper/p_0_in                                                                                                                           | fft_config1_U0/inst/U0/i_synth/axi_wrapper/O24                                                                                                                                                                                                           |                1 |              8 |
|  ap_clk      | fft_config1_U0/inst/U0/i_synth/axi_wrapper/ce_w2c                                                                                                                           | fft_config1_U0/inst/U0/i_synth/xfft_inst/floating_point.xfft_inst/real_to_bfp/fpo/FLT_TO_FIX_OP.SPD.OP/ALIGN_SHIFT/MUX_LOOP[1].DEL_SHIFT/i_pipe/n_2_opt_has_pipe.first_q[26]_i_1                                                                         |                4 |              8 |
|  ap_clk      |                                                                                                                                                                             | sosf_detector_top_dummy_proc_be_U0/sosf_detector_top_fadd_32ns_32ns_32_10_full_dsp_U7/sosf_detector_top_ap_fadd_8_full_dsp_32_u/U0/i_synth/ADDSUB_OP.ADDSUB/SPEED_OP.DSP.OP/EXP/DEC_STATE_PRE_OP_DELAY/i_pipe/p_19_out                                   |                3 |              8 |
|  ap_clk      | fft_config1_U0/inst/U0/i_synth/axi_wrapper/O5                                                                                                                               | fft_config1_U0/inst/U0/i_synth/axi_wrapper/O20                                                                                                                                                                                                           |                3 |              8 |
|  ap_clk      | fft_config1_U0/inst/U0/i_synth/xfft_inst/floating_point.xfft_inst/get_block_max_exp/gen_clear_max_exp/E[0]                                                                  | fft_config1_U0/inst/U0/i_synth/axi_wrapper/SR[0]                                                                                                                                                                                                         |                2 |              8 |
|  ap_clk      |                                                                                                                                                                             | sosf_detector_top_dummy_proc_be_U0/sosf_detector_top_fsub_32ns_32ns_32_10_full_dsp_U6/sosf_detector_top_ap_fsub_8_full_dsp_32_u/U0/i_synth/ADDSUB_OP.ADDSUB/SPEED_OP.DSP.OP/EXP/DEC_STATE_PRE_OP_DELAY/i_pipe/p_19_out                                   |                3 |              8 |
|  ap_clk      | fft_config1_U0/inst/U0/i_synth/axi_wrapper/ce_w2c                                                                                                                           | fft_config1_U0/inst/U0/i_synth/xfft_inst/floating_point.xfft_inst/imag_to_bfp/fpo/FLT_TO_FIX_OP.SPD.OP/ALIGN_SHIFT/MUX_LOOP[1].DEL_SHIFT/i_pipe/n_2_opt_has_pipe.first_q[26]_i_1                                                                         |                2 |              8 |
|  ap_clk      | fft_config1_U0/inst/U0/i_synth/axi_wrapper/O11[0]                                                                                                                           | fft_config1_U0/inst/U0/i_synth/axi_wrapper/SR[0]                                                                                                                                                                                                         |                2 |              9 |
|  ap_clk      | fft_config1_U0/inst/U0/i_synth/axi_wrapper/E[0]                                                                                                                             | fft_config1_U0/inst/U0/i_synth/axi_wrapper/SR[0]                                                                                                                                                                                                         |                3 |              9 |
|  ap_clk      | fft_config1_U0/inst/U0/i_synth/axi_wrapper/n_2_symbols_out_remaining[9]_i_1                                                                                                 | fft_config1_U0/inst/U0/i_synth/axi_wrapper/reset_pipe[1]                                                                                                                                                                                                 |                5 |             10 |
|  ap_clk      | sosf_detector_top_dummy_proc_fe_U0/tmp_6_reg_2540                                                                                                                           |                                                                                                                                                                                                                                                          |                6 |             11 |
|  ap_clk      | fft_config1_U0/inst/U0/i_synth/axi_wrapper/cnt_ce_11                                                                                                                        | fft_config1_U0/inst/U0/i_synth/axi_wrapper/SR[0]                                                                                                                                                                                                         |                4 |             12 |
|  ap_clk      | fft_config1_U0/inst/U0/i_synth/axi_wrapper/cnt_ce_10                                                                                                                        | fft_config1_U0/inst/U0/i_synth/xfft_inst/floating_point.xfft_inst/fft/non_floating_point.arch_d.xfft_inst/n_2_reset_delays[3].other.reset_del_reg[3]                                                                                                     |                4 |             12 |
|  ap_clk      | fft_config1_U0/inst/U0/i_synth/xfft_inst/floating_point.xfft_inst/fft/non_floating_point.arch_d.xfft_inst/pe_gen[0].natural_order_input.PE/has_addr_gen.bf2_addr_gen/cnt/O1 | fft_config1_U0/inst/U0/i_synth/xfft_inst/floating_point.xfft_inst/fft/non_floating_point.arch_d.xfft_inst/n_2_reset_delays[0].first.reset_del_reg[0]                                                                                                     |                4 |             12 |
|  ap_clk      | fft_config1_U0/inst/U0/i_synth/axi_wrapper/cnt_ce_6                                                                                                                         | fft_config1_U0/inst/U0/i_synth/xfft_inst/floating_point.xfft_inst/fft/non_floating_point.arch_d.xfft_inst/n_2_reset_delays[1].other.reset_del_reg[1]                                                                                                     |                4 |             12 |
|  ap_clk      | fft_config1_U0/inst/U0/i_synth/axi_wrapper/cnt_ce_12                                                                                                                        | fft_config1_U0/inst/U0/i_synth/axi_wrapper/SR[0]                                                                                                                                                                                                         |                4 |             12 |
|  ap_clk      | fft_config1_U0/inst/U0/i_synth/axi_wrapper/cnt_ce                                                                                                                           | fft_config1_U0/inst/U0/i_synth/xfft_inst/floating_point.xfft_inst/fft/non_floating_point.arch_d.xfft_inst/n_2_reset_delays[1].other.reset_del_reg[1]                                                                                                     |                5 |             12 |
|  ap_clk      | fft_config1_U0/inst/U0/i_synth/axi_wrapper/cnt_ce_7                                                                                                                         | fft_config1_U0/inst/U0/i_synth/xfft_inst/floating_point.xfft_inst/fft/non_floating_point.arch_d.xfft_inst/n_2_reset_delays[2].other.reset_del_reg[2]                                                                                                     |                5 |             12 |
|  ap_clk      | fft_config1_U0/inst/U0/i_synth/axi_wrapper/cnt_ce_8                                                                                                                         | fft_config1_U0/inst/U0/i_synth/xfft_inst/floating_point.xfft_inst/fft/non_floating_point.arch_d.xfft_inst/n_2_reset_delays[2].other.reset_del_reg[2]                                                                                                     |                4 |             12 |
|  ap_clk      | fft_config1_U0/inst/U0/i_synth/axi_wrapper/cnt_ce_9                                                                                                                         | fft_config1_U0/inst/U0/i_synth/xfft_inst/floating_point.xfft_inst/fft/non_floating_point.arch_d.xfft_inst/n_2_reset_delays[3].other.reset_del_reg[3]                                                                                                     |                4 |             12 |
|  ap_clk      | fft_config1_U0/inst/U0/i_synth/axi_wrapper/load_cnt_ce                                                                                                                      | fft_config1_U0/inst/U0/i_synth/axi_wrapper/SR[0]                                                                                                                                                                                                         |                4 |             12 |
|  ap_clk      | fft_config1_U0/inst/U0/i_synth/xfft_inst/floating_point.xfft_inst/fft/non_floating_point.arch_d.xfft_inst/pe_gen[0].natural_order_input.PE/has_addr_gen.tw_addr_gen/cnt/O1  | fft_config1_U0/inst/U0/i_synth/xfft_inst/floating_point.xfft_inst/fft/non_floating_point.arch_d.xfft_inst/n_2_reset_delays[0].first.reset_del_reg[0]                                                                                                     |                4 |             12 |
|  ap_clk      |                                                                                                                                                                             | sosf_detector_top_dummy_proc_be_U0/sosf_detector_top_fsub_32ns_32ns_32_10_full_dsp_U6/sosf_detector_top_ap_fsub_8_full_dsp_32_u/U0/i_synth/ADDSUB_OP.ADDSUB/SPEED_OP.DSP.OP/DSP48E1_BODY.ALIGN_ADD/SML_DELAY/i_pipe/n_2_opt_has_pipe.first_q[22]_i_1     |                7 |             13 |
|  ap_clk      | sosf_detector_top_dummy_proc_be_U0/n_2_tmp_s_reg_228[12]_i_1                                                                                                                |                                                                                                                                                                                                                                                          |                3 |             13 |
|  ap_clk      |                                                                                                                                                                             | sosf_detector_top_dummy_proc_be_U0/sosf_detector_top_fadd_32ns_32ns_32_10_full_dsp_U7/sosf_detector_top_ap_fadd_8_full_dsp_32_u/U0/i_synth/ADDSUB_OP.ADDSUB/SPEED_OP.DSP.OP/DSP48E1_BODY.ALIGN_ADD/SML_DELAY/i_pipe/n_2_opt_has_pipe.first_q[22]_i_1     |                7 |             13 |
|  ap_clk      | fft_config1_U0/inst/U0/i_synth/axi_wrapper/O9[0]                                                                                                                            | fft_config1_U0/inst/U0/i_synth/axi_wrapper/SR[0]                                                                                                                                                                                                         |                4 |             14 |
|  ap_clk      | sosf_detector_top_dummy_proc_be_U0/coefs_ce0                                                                                                                                |                                                                                                                                                                                                                                                          |                4 |             14 |
|  ap_clk      | sosf_detector_top_dummy_proc_be_U0/Q[1]                                                                                                                                     | sosf_detector_top_dummy_proc_be_U0/i_reg_99                                                                                                                                                                                                              |                3 |             14 |
|  ap_clk      | sosf_detector_top_dummy_proc_fe_U0/detector_tail_M_imag_U/sosf_detector_top_dummy_proc_fe_detector_tail_M_real_ram_U/E[0]                                                   |                                                                                                                                                                                                                                                          |                4 |             14 |
|  ap_clk      | sosf_detector_top_dummy_proc_fe_U0/i_reg_1230                                                                                                                               | sosf_detector_top_dummy_proc_fe_U0/n_2_i_reg_123[13]_i_1                                                                                                                                                                                                 |                2 |             14 |
|  ap_clk      | fft_config1_U0/inst/U0/i_synth/axi_wrapper/ce_w2c                                                                                                                           | fft_config1_U0/inst/U0/i_synth/xfft_inst/floating_point.xfft_inst/real_to_bfp/fpo/FLT_TO_FIX_OP.SPD.OP/ALIGN_SHIFT/MUX_LOOP[0].DEL_SHIFT/i_pipe/n_2_opt_has_pipe.first_q[25]_i_1                                                                         |                2 |             15 |
|  ap_clk      | fft_config1_U0/inst/U0/i_synth/axi_wrapper/ce_w2c                                                                                                                           | fft_config1_U0/inst/U0/i_synth/xfft_inst/floating_point.xfft_inst/imag_to_bfp/fpo/FLT_TO_FIX_OP.SPD.OP/ALIGN_SHIFT/MUX_LOOP[0].DEL_SHIFT/i_pipe/n_2_opt_has_pipe.first_q[25]_i_1                                                                         |                3 |             15 |
|  ap_clk      |                                                                                                                                                                             | sosf_detector_top_dummy_proc_be_U0/sosf_detector_top_fsub_32ns_32ns_32_10_full_dsp_U6/sosf_detector_top_ap_fsub_8_full_dsp_32_u/U0/i_synth/ADDSUB_OP.ADDSUB/SPEED_OP.DSP.OP/DSP48E1_BODY.NORM_RND/LOD/NORM_DELAY/i_pipe/n_2_opt_has_pipe.first_q[15]_i_1 |                2 |             15 |
|  ap_clk      |                                                                                                                                                                             | sosf_detector_top_dummy_proc_be_U0/sosf_detector_top_fadd_32ns_32ns_32_10_full_dsp_U7/sosf_detector_top_ap_fadd_8_full_dsp_32_u/U0/i_synth/ADDSUB_OP.ADDSUB/SPEED_OP.DSP.OP/DSP48E1_BODY.NORM_RND/LOD/NORM_DELAY/i_pipe/n_2_opt_has_pipe.first_q[15]_i_1 |                3 |             15 |
|  ap_clk      | sosf_detector_top_dummy_proc_fe_U0/ce                                                                                                                                       |                                                                                                                                                                                                                                                          |                2 |             16 |
|  ap_clk      | fft_config1_U0/inst/U0/i_synth/axi_wrapper/ce_w2c                                                                                                                           | fft_config1_U0/inst/U0/i_synth/xfft_inst/floating_point.xfft_inst/convert_real_to_fp/fpo/FIX_TO_FLT_OP.SPD.OP/NORM_SHIFT/MUX_LOOP[0].DEL_SHIFT/i_pipe/n_2_opt_has_pipe.first_q[37]_i_1                                                                   |                4 |             16 |
|  ap_clk      | fft_config1_U0/inst/U0/i_synth/axi_wrapper/ce_w2c                                                                                                                           | fft_config1_U0/inst/U0/i_synth/xfft_inst/floating_point.xfft_inst/convert_imag_to_fp/fpo/FIX_TO_FLT_OP.SPD.OP/NORM_SHIFT/MUX_LOOP[0].DEL_SHIFT/i_pipe/n_2_opt_has_pipe.first_q[37]_i_1                                                                   |                3 |             16 |
|  ap_clk      | fft_config1_U0/inst/U0/i_synth/xfft_inst/floating_point.xfft_inst/gen_block_exp_delay_streaming.block_exp_ram/dist_ram.lutram.mem/WE                                        |                                                                                                                                                                                                                                                          |                5 |             20 |
|  ap_clk      |                                                                                                                                                                             | sosf_detector_top_dummy_proc_be_U0/sosf_detector_top_fadd_32ns_32ns_32_10_full_dsp_U7/sosf_detector_top_ap_fadd_8_full_dsp_32_u/U0/i_synth/ADDSUB_OP.ADDSUB/SPEED_OP.DSP.OP/EXP/DEC_STATE_PRE_OP_DELAY/i_pipe/p_2_out                                    |                8 |             22 |
|  ap_clk      |                                                                                                                                                                             | sosf_detector_top_dummy_proc_be_U0/sosf_detector_top_fsub_32ns_32ns_32_10_full_dsp_U6/sosf_detector_top_ap_fsub_8_full_dsp_32_u/U0/i_synth/ADDSUB_OP.ADDSUB/SPEED_OP.DSP.OP/EXP/DEC_STATE_PRE_OP_DELAY/i_pipe/p_2_out                                    |                8 |             22 |
|  ap_clk      | fft_config1_U0/inst/U0/i_synth/axi_wrapper/ce_w2c                                                                                                                           | fft_config1_U0/inst/U0/i_synth/xfft_inst/floating_point.xfft_inst/convert_real_to_fp/fpo/FIX_TO_FLT_OP.SPD.OP/EXP/ZERO_DELAY/i_pipe/p_2_out                                                                                                              |                6 |             22 |
|  ap_clk      |                                                                                                                                                                             | sosf_detector_top_dummy_proc_be_U0/sosf_detector_top_fmul_32ns_32ns_32_6_max_dsp_U9/sosf_detector_top_ap_fmul_4_max_dsp_32_u/U0/i_synth/MULT.OP/EXP/SIG_DELAY/i_pipe/p_2_out                                                                             |                9 |             22 |
|  ap_clk      |                                                                                                                                                                             | sosf_detector_top_dummy_proc_be_U0/sosf_detector_top_fmul_32ns_32ns_32_6_max_dsp_U8/sosf_detector_top_ap_fmul_4_max_dsp_32_u/U0/i_synth/MULT.OP/EXP/SIG_DELAY/i_pipe/p_2_out                                                                             |               10 |             22 |
|  ap_clk      |                                                                                                                                                                             | sosf_detector_top_dummy_proc_be_U0/sosf_detector_top_fmul_32ns_32ns_32_6_max_dsp_U11/sosf_detector_top_ap_fmul_4_max_dsp_32_u/U0/i_synth/MULT.OP/EXP/SIG_DELAY/i_pipe/p_2_out                                                                            |               10 |             22 |
|  ap_clk      |                                                                                                                                                                             | sosf_detector_top_dummy_proc_be_U0/sosf_detector_top_fmul_32ns_32ns_32_6_max_dsp_U10/sosf_detector_top_ap_fmul_4_max_dsp_32_u/U0/i_synth/MULT.OP/EXP/SIG_DELAY/i_pipe/p_2_out                                                                            |                9 |             22 |
|  ap_clk      | fft_config1_U0/inst/U0/i_synth/axi_wrapper/ce_w2c                                                                                                                           | fft_config1_U0/inst/U0/i_synth/xfft_inst/floating_point.xfft_inst/convert_imag_to_fp/fpo/FIX_TO_FLT_OP.SPD.OP/EXP/ZERO_DELAY/i_pipe/p_2_out                                                                                                              |                6 |             22 |
|  ap_clk      | fft_config1_U0/inst/U0/i_synth/axi_wrapper/O5                                                                                                                               | fft_config1_U0/inst/U0/i_synth/axi_wrapper/O19                                                                                                                                                                                                           |                7 |             23 |
|  ap_clk      | fft_config1_U0/inst/U0/i_synth/axi_wrapper/O5                                                                                                                               | fft_config1_U0/inst/U0/i_synth/axi_wrapper/O16                                                                                                                                                                                                           |                7 |             23 |
|  ap_clk      | fft_config1_U0/inst/U0/i_synth/axi_wrapper/ce_w2c                                                                                                                           | fft_config1_U0/inst/U0/i_synth/xfft_inst/floating_point.xfft_inst/real_to_bfp/fpo/FLT_TO_FIX_OP.SPD.OP/OP_STATE_P1_REG/i_pipe/O1                                                                                                                         |                8 |             26 |
|  ap_clk      | fft_config1_U0/inst/U0/i_synth/axi_wrapper/ce_w2c                                                                                                                           | fft_config1_U0/inst/U0/i_synth/xfft_inst/floating_point.xfft_inst/imag_to_bfp/fpo/FLT_TO_FIX_OP.SPD.OP/OP_STATE_P1_REG/i_pipe/O1                                                                                                                         |                8 |             26 |
|  ap_clk      |                                                                                                                                                                             | ap_rst                                                                                                                                                                                                                                                   |               16 |             28 |
|  ap_clk      |                                                                                                                                                                             | fft_config1_U0/inst/U0/i_synth/axi_wrapper/reset_pipe[1]                                                                                                                                                                                                 |               14 |             29 |
|  ap_clk      | fft_config1_U0/inst/U0/i_synth/axi_wrapper/ce_w2c                                                                                                                           | fft_config1_U0/inst/U0/i_synth/axi_wrapper/O7[0]                                                                                                                                                                                                         |               11 |             32 |
|  ap_clk      | fft_config1_U0/inst/U0/i_synth/axi_wrapper/ce_w2c                                                                                                                           | fft_config1_U0/inst/U0/i_synth/axi_wrapper/O6[0]                                                                                                                                                                                                         |               13 |             32 |
|  ap_clk      | fft_config1_U0/inst/U0/i_synth/axi_wrapper/data_in_channel_fifo/gen_non_real_time.data_in_fifo_pt1/O3[0]                                                                    | fft_config1_U0/inst/U0/i_synth/axi_wrapper/reset_pipe[1]                                                                                                                                                                                                 |               21 |             64 |
|  ap_clk      | sosf_detector_top_dummy_proc_fe_U0/ce_0                                                                                                                                     |                                                                                                                                                                                                                                                          |                8 |             64 |
|  ap_clk      | sosf_detector_top_dummy_proc_be_U0/ap_sig_bdd_150                                                                                                                           |                                                                                                                                                                                                                                                          |               18 |             64 |
|  ap_clk      | fft_config1_U0/ce                                                                                                                                                           |                                                                                                                                                                                                                                                          |                8 |             64 |
|  ap_clk      | fft_config1_U0/inst/U0/i_synth/axi_wrapper/data_in_channel_fifo/gen_non_real_time.data_in_fifo_pt1/E[0]                                                                     | fft_config1_U0/inst/U0/i_synth/axi_wrapper/reset_pipe[1]                                                                                                                                                                                                 |               17 |             64 |
|  ap_clk      | fft_config1_U0/inst/U0/i_synth/axi_wrapper/data_out_channel/gen_non_real_time.fifo/fifo0/rd_enable                                                                          |                                                                                                                                                                                                                                                          |                8 |             64 |
|  ap_clk      | fft_config1_U0/inst/U0/i_synth/axi_wrapper/data_in_channel_fifo/gen_non_real_time.data_in_fifo_pt1/wr_enable                                                                |                                                                                                                                                                                                                                                          |                8 |             64 |
|  ap_clk      | fft_config1_U0/inst/U0/i_synth/axi_wrapper/data_out_channel/data_out_fifo_write                                                                                             |                                                                                                                                                                                                                                                          |                8 |             64 |
|  ap_clk      | sosf_detector_top_dummy_proc_fe_U0/in_r_read                                                                                                                                |                                                                                                                                                                                                                                                          |               22 |             65 |
|  ap_clk      | fft_config1_U0/inst/U0/i_synth/axi_wrapper/ce_w2c                                                                                                                           | fft_config1_U0/inst/U0/i_synth/axi_wrapper/O4[0]                                                                                                                                                                                                         |               21 |             76 |
|  ap_clk      | sosf_detector_top_dummy_proc_be_U0/ap_sig_bdd_135                                                                                                                           |                                                                                                                                                                                                                                                          |               49 |            128 |
|  ap_clk      | sosf_detector_top_dummy_proc_be_U0/E[0]                                                                                                                                     |                                                                                                                                                                                                                                                          |               30 |            128 |
|  ap_clk      | fft_config1_U0/inst/U0/i_synth/axi_wrapper/ce_w2c                                                                                                                           | fft_config1_U0/inst/U0/i_synth/axi_wrapper/SR[0]                                                                                                                                                                                                         |               61 |            257 |
|  ap_clk      |                                                                                                                                                                             |                                                                                                                                                                                                                                                          |              350 |           1344 |
|  ap_clk      | fft_config1_U0/inst/U0/i_synth/axi_wrapper/ce_w2c                                                                                                                           |                                                                                                                                                                                                                                                          |             1980 |           9375 |
+--------------+-----------------------------------------------------------------------------------------------------------------------------------------------------------------------------+----------------------------------------------------------------------------------------------------------------------------------------------------------------------------------------------------------------------------------------------------------+------------------+----------------+


