Copyright 1986-2014 Xilinx, Inc. All Rights Reserved.
---------------------------------------------------------------------------------------
| Tool Version : Vivado v.2014.4 (lin64) Build 1071353 Tue Nov 18 16:47:07 MST 2014
| Date         : Mon Jan 22 15:24:24 2018
| Host         : commlab-server.uni.lux running 64-bit unknown
| Command      : report_control_sets -verbose -file filter_top_control_sets_placed.rpt
| Design       : filter_top
| Device       : xc7k410t
---------------------------------------------------------------------------------------

Control Set Information

Table of Contents
-----------------
1. Summary
2. Flip-Flop Distribution
3. Detailed Control Set Information

1. Summary
----------

+-------------------------------------------------------------------+-------+
|                               Status                              | Count |
+-------------------------------------------------------------------+-------+
| Number of unique control sets                                     |   137 |
| Minimum Number of register sites lost to control set restrictions |   432 |
+-------------------------------------------------------------------+-------+


2. Flip-Flop Distribution
-------------------------

+--------------+-----------------------+------------------------+-----------------+--------------+
| Clock Enable | Synchronous Set/Reset | Asynchronous Set/Reset | Total Registers | Total Slices |
+--------------+-----------------------+------------------------+-----------------+--------------+
| No           | No                    | No                     |             816 |          234 |
| No           | No                    | Yes                    |               0 |            0 |
| No           | Yes                   | No                     |             155 |           79 |
| Yes          | No                    | No                     |           13750 |         3086 |
| Yes          | No                    | Yes                    |               0 |            0 |
| Yes          | Yes                   | No                     |            1639 |          549 |
+--------------+-----------------------+------------------------+-----------------+--------------+


3. Detailed Control Set Information
-----------------------------------

+--------------+------------------------------------------------------------------------------------------------------------------------+-----------------------------------------------------------------------------------------------------------------------------------+------------------+----------------+
| Clock Signal |                                                      Enable Signal                                                     |                                                          Set/Reset Signal                                                         | Slice Load Count | Bel Load Count |
+--------------+------------------------------------------------------------------------------------------------------------------------+-----------------------------------------------------------------------------------------------------------------------------------+------------------+----------------+
|  ap_clk      |                                                                                                                        | fft_config1_U0/inst/U0/i_synth/xfft_inst/non_floating_point.arch_d.xfft_inst/FLOW/reset_sustain.delay_reset_3/reset_3_raw         |                1 |              1 |
|  ap_clk      |                                                                                                                        | fft_config2_U0/inst/U0/i_synth/xfft_inst/non_floating_point.arch_d.xfft_inst/FLOW/reset_sustain.resets_4_pes[2].delay_reset_pe/O4 |                1 |              1 |
|  ap_clk      |                                                                                                                        | fft_config2_U0/inst/U0/i_synth/xfft_inst/non_floating_point.arch_d.xfft_inst/FLOW/reset_sustain.delay_reset_3/reset_3_raw         |                1 |              1 |
|  ap_clk      |                                                                                                                        | fft_config2_U0/inst/U0/i_synth/xfft_inst/non_floating_point.arch_d.xfft_inst/FLOW/reset_sustain.resets_4_pes[0].delay_reset_pe/O6 |                1 |              1 |
|  ap_clk      |                                                                                                                        | fft_config2_U0/inst/U0/i_synth/xfft_inst/non_floating_point.arch_d.xfft_inst/FLOW/reset_sustain.resets_4_pes[3].delay_reset_pe/O3 |                1 |              1 |
|  ap_clk      |                                                                                                                        | fft_config2_U0/inst/U0/i_synth/xfft_inst/non_floating_point.arch_d.xfft_inst/FLOW/reset_sustain.resets_4_pes[5].delay_reset_pe/O1 |                1 |              1 |
|  ap_clk      |                                                                                                                        | fft_config2_U0/inst/U0/i_synth/xfft_inst/non_floating_point.arch_d.xfft_inst/FLOW/reset_sustain.resets_4_pes[4].delay_reset_pe/O2 |                1 |              1 |
|  ap_clk      |                                                                                                                        | fft_config2_U0/inst/U0/i_synth/xfft_inst/non_floating_point.arch_d.xfft_inst/FLOW/reset_sustain.resets_4_pes[1].delay_reset_pe/O5 |                1 |              1 |
|  ap_clk      |                                                                                                                        | fft_config1_U0/inst/U0/i_synth/xfft_inst/non_floating_point.arch_d.xfft_inst/FLOW/reset_sustain.resets_4_pes[0].delay_reset_pe/O6 |                1 |              1 |
|  ap_clk      |                                                                                                                        | fft_config1_U0/inst/U0/i_synth/xfft_inst/non_floating_point.arch_d.xfft_inst/FLOW/reset_sustain.resets_4_pes[1].delay_reset_pe/O5 |                1 |              1 |
|  ap_clk      |                                                                                                                        | fft_config1_U0/inst/U0/i_synth/xfft_inst/non_floating_point.arch_d.xfft_inst/FLOW/reset_sustain.resets_4_pes[2].delay_reset_pe/O4 |                1 |              1 |
|  ap_clk      |                                                                                                                        | fft_config1_U0/inst/U0/i_synth/xfft_inst/non_floating_point.arch_d.xfft_inst/FLOW/reset_sustain.resets_4_pes[3].delay_reset_pe/O3 |                1 |              1 |
|  ap_clk      |                                                                                                                        | fft_config1_U0/inst/U0/i_synth/xfft_inst/non_floating_point.arch_d.xfft_inst/FLOW/reset_sustain.resets_4_pes[4].delay_reset_pe/O2 |                1 |              1 |
|  ap_clk      |                                                                                                                        | fft_config1_U0/inst/U0/i_synth/xfft_inst/non_floating_point.arch_d.xfft_inst/FLOW/reset_sustain.resets_4_pes[5].delay_reset_pe/O1 |                1 |              1 |
|  ap_clk      |                                                                                                                        | fft_config1_U0/inst/U0/i_synth/xfft_inst/non_floating_point.arch_d.xfft_inst/FLOW/reset_sustain.delay_reset_7/reset_7_raw         |                2 |              2 |
|  ap_clk      |                                                                                                                        | fft_config2_U0/inst/U0/i_synth/xfft_inst/non_floating_point.arch_d.xfft_inst/FLOW/reset_sustain.delay_reset_7/reset_7_raw         |                1 |              2 |
|  ap_clk      | fft_config2_U0/inst/U0/i_synth/xfft_inst/non_floating_point.arch_d.xfft_inst/FLOW/reset_sustain.delay_reset_3/count_ce | fft_config2_U0/inst/U0/i_synth/axi_wrapper/SR[0]                                                                                  |                2 |              3 |
|  ap_clk      | fft_config1_U0/inst/U0/i_synth/xfft_inst/non_floating_point.arch_d.xfft_inst/FLOW/reset_sustain.delay_reset_3/count_ce | fft_config1_U0/inst/U0/i_synth/axi_wrapper/SR[0]                                                                                  |                2 |              3 |
|  ap_clk      |                                                                                                                        | fft_config2_U0/inst/U0/i_synth/axi_wrapper/SR[0]                                                                                  |                2 |              3 |
|  ap_clk      |                                                                                                                        | fft_config1_U0/inst/U0/i_synth/axi_wrapper/SR[0]                                                                                  |                2 |              3 |
|  ap_clk      | fft_config1_U0/inst/U0/i_synth/axi_wrapper/ce_w2c                                                                      | fft_config1_U0/inst/U0/i_synth/xfft_inst/non_floating_point.arch_d.xfft_inst/n_2_reset_delays[1].other.reset_del_reg[1]           |                4 |              4 |
|  ap_clk      | fft_config1_U0/inst/U0/i_synth/axi_wrapper/tw_scale_reg_ce_17                                                          |                                                                                                                                   |                1 |              4 |
|  ap_clk      | fft_config1_U0/inst/U0/i_synth/axi_wrapper/ce_w2c                                                                      | fft_config1_U0/inst/U0/i_synth/xfft_inst/non_floating_point.arch_d.xfft_inst/n_2_reset_delays[3].other.reset_del_reg[3]           |                4 |              4 |
|  ap_clk      | fft_config2_U0/inst/U0/i_synth/axi_wrapper/tw_scale_reg_ce_17                                                          |                                                                                                                                   |                4 |              4 |
|  ap_clk      | fft_config1_U0/inst/U0/i_synth/axi_wrapper/ce_w2c                                                                      | fft_config1_U0/inst/U0/i_synth/xfft_inst/non_floating_point.arch_d.xfft_inst/n_2_reset_delays[0].first.reset_del_reg[0]           |                3 |              4 |
|  ap_clk      | fft_config2_U0/inst/U0/i_synth/axi_wrapper/ce_w2c                                                                      | fft_config2_U0/inst/U0/i_synth/xfft_inst/non_floating_point.arch_d.xfft_inst/n_2_reset_delays[4].other.reset_del_reg[4]           |                4 |              4 |
|  ap_clk      | fft_config1_U0/inst/U0/i_synth/axi_wrapper/ce_w2c                                                                      | fft_config1_U0/inst/U0/i_synth/xfft_inst/non_floating_point.arch_d.xfft_inst/n_2_reset_delays[2].other.reset_del_reg[2]           |                4 |              4 |
|  ap_clk      | fft_config1_U0/inst/U0/i_synth/xfft_inst/non_floating_point.arch_d.xfft_inst/FLOW/reset_sustain.delay_reset_7/count_ce | fft_config1_U0/inst/U0/i_synth/axi_wrapper/SR[0]                                                                                  |                2 |              4 |
|  ap_clk      | fft_config2_U0/inst/U0/i_synth/axi_wrapper/ce_w2c                                                                      | fft_config2_U0/inst/U0/i_synth/xfft_inst/non_floating_point.arch_d.xfft_inst/n_2_reset_delays[3].other.reset_del_reg[3]           |                4 |              4 |
|  ap_clk      | fft_config2_U0/inst/U0/i_synth/axi_wrapper/ce_w2c                                                                      | fft_config2_U0/inst/U0/i_synth/xfft_inst/non_floating_point.arch_d.xfft_inst/n_2_reset_delays[2].other.reset_del_reg[2]           |                4 |              4 |
|  ap_clk      | fft_config2_U0/inst/U0/i_synth/axi_wrapper/ce_w2c                                                                      | fft_config2_U0/inst/U0/i_synth/xfft_inst/non_floating_point.arch_d.xfft_inst/n_2_reset_delays[1].other.reset_del_reg[1]           |                4 |              4 |
|  ap_clk      | fft_config2_U0/inst/U0/i_synth/xfft_inst/non_floating_point.arch_d.xfft_inst/FLOW/reset_sustain.delay_reset_7/count_ce | fft_config2_U0/inst/U0/i_synth/axi_wrapper/SR[0]                                                                                  |                2 |              4 |
|  ap_clk      | fft_config1_U0/inst/U0/i_synth/axi_wrapper/ce_w2c                                                                      | fft_config1_U0/inst/U0/i_synth/xfft_inst/non_floating_point.arch_d.xfft_inst/n_2_reset_delays[4].other.reset_del_reg[4]           |                4 |              4 |
|  ap_clk      | fft_config2_U0/inst/U0/i_synth/axi_wrapper/ce_w2c                                                                      | fft_config2_U0/inst/U0/i_synth/xfft_inst/non_floating_point.arch_d.xfft_inst/n_2_reset_delays[0].first.reset_del_reg[0]           |                4 |              4 |
|  ap_clk      | fft_config2_U0/inst/U0/i_synth/axi_wrapper/count_ce                                                                    | fft_config2_U0/inst/U0/i_synth/axi_wrapper/SR[0]                                                                                  |                2 |              5 |
|  ap_clk      | fft_config1_U0/inst/U0/i_synth/axi_wrapper/count_ce                                                                    | fft_config1_U0/inst/U0/i_synth/axi_wrapper/SR[0]                                                                                  |                2 |              5 |
|  ap_clk      | xk2_channel_U/n_2_usedw[5]_i_1__1                                                                                      | ap_rst                                                                                                                            |                3 |              6 |
|  ap_clk      | fft_config1_U0/inst/U0/i_synth/axi_wrapper/count_ce_6                                                                  | fft_config1_U0/inst/U0/i_synth/axi_wrapper/SR[0]                                                                                  |                3 |              6 |
|  ap_clk      | fft_config1_U0/inst/U0/i_synth/axi_wrapper/count_ce_4                                                                  | fft_config1_U0/inst/U0/i_synth/axi_wrapper/SR[0]                                                                                  |                3 |              6 |
|  ap_clk      | fft_config2_U0/inst/U0/i_synth/axi_wrapper/tw_scale_reg_ce_14                                                          |                                                                                                                                   |                2 |              6 |
|  ap_clk      | fft_config1_U0/inst/U0/i_synth/axi_wrapper/count_ce_7                                                                  | fft_config1_U0/inst/U0/i_synth/axi_wrapper/SR[0]                                                                                  |                3 |              6 |
|  ap_clk      | fft_config1_U0/inst/U0/i_synth/axi_wrapper/count_ce_8                                                                  | fft_config1_U0/inst/U0/i_synth/axi_wrapper/SR[0]                                                                                  |                3 |              6 |
|  ap_clk      | fft_config2_U0/inst/U0/i_synth/axi_wrapper/count_ce_8                                                                  | fft_config2_U0/inst/U0/i_synth/axi_wrapper/SR[0]                                                                                  |                3 |              6 |
|  ap_clk      | fft_config1_U0/inst/U0/i_synth/axi_wrapper/tw_scale_reg_ce_14                                                          |                                                                                                                                   |                3 |              6 |
|  ap_clk      | fft_config2_U0/inst/U0/i_synth/axi_wrapper/count_ce_7                                                                  | fft_config2_U0/inst/U0/i_synth/axi_wrapper/SR[0]                                                                                  |                3 |              6 |
|  ap_clk      | fft_config2_U0/inst/U0/i_synth/axi_wrapper/count_ce_6                                                                  | fft_config2_U0/inst/U0/i_synth/axi_wrapper/SR[0]                                                                                  |                3 |              6 |
|  ap_clk      | xk_channel_U/n_2_usedw[5]_i_1                                                                                          | ap_rst                                                                                                                            |                2 |              6 |
|  ap_clk      | fft_config2_U0/inst/U0/i_synth/axi_wrapper/count_ce_4                                                                  | fft_config2_U0/inst/U0/i_synth/axi_wrapper/SR[0]                                                                                  |                3 |              6 |
|  ap_clk      | xn2_channel_U/n_2_usedw[5]_i_1__0                                                                                      | ap_rst                                                                                                                            |                3 |              6 |
|  ap_clk      | fft_config1_U0/inst/U0/i_synth/axi_wrapper/count_ce_5                                                                  | fft_config1_U0/inst/U0/i_synth/axi_wrapper/SR[0]                                                                                  |                3 |              7 |
|  ap_clk      | fft_config2_U0/inst/U0/i_synth/axi_wrapper/count_ce_5                                                                  | fft_config2_U0/inst/U0/i_synth/axi_wrapper/SR[0]                                                                                  |                3 |              7 |
|  ap_clk      | fft_config1_U0/inst/U0/i_synth/axi_wrapper/ce_w2c                                                                      | fft_config1_U0/inst/U0/i_synth/axi_wrapper/reset_pipe[1]                                                                          |                4 |              7 |
|  ap_clk      | fft_config2_U0/inst/U0/i_synth/axi_wrapper/ce_w2c                                                                      | fft_config2_U0/inst/U0/i_synth/axi_wrapper/reset_pipe[1]                                                                          |                5 |              7 |
|  ap_clk      | fft_config1_U0/inst/U0/i_synth/axi_wrapper/tw_scale_reg_ce_11                                                          |                                                                                                                                   |                4 |              8 |
|  ap_clk      | fft_config2_U0/inst/U0/i_synth/axi_wrapper/tw_scale_reg_ce_11                                                          |                                                                                                                                   |                3 |              8 |
|  ap_clk      | filter_top_dummy_proc_fe_U0/ap_NS_fsm[2]                                                                               |                                                                                                                                   |                4 |              9 |
|  ap_clk      | fft_config2_U0/inst/U0/i_synth/axi_wrapper/tw_scale_reg_ce                                                             |                                                                                                                                   |                3 |             10 |
|  ap_clk      | fft_config1_U0/inst/U0/i_synth/axi_wrapper/tw_scale_reg_ce                                                             |                                                                                                                                   |                3 |             10 |
|  ap_clk      | fft_config2_U0/inst/U0/i_synth/axi_wrapper/E[0]                                                                        | fft_config2_U0/inst/U0/i_synth/axi_wrapper/SR[0]                                                                                  |                3 |             11 |
|  ap_clk      | fft_config2_U0/inst/U0/i_synth/axi_wrapper/n_2_symbols_out_remaining[10]_i_1                                           | fft_config2_U0/inst/U0/i_synth/axi_wrapper/reset_pipe[1]                                                                          |                5 |             11 |
|  ap_clk      | filter_top_dummy_proc_be_U0/icmp_reg_2730                                                                              |                                                                                                                                   |                3 |             11 |
|  ap_clk      | fft_config_fwd_data_V_U/n_2_usedw[10]_i_1__1                                                                           | ap_rst                                                                                                                            |                3 |             11 |
|  ap_clk      | fft_config_inv_data_V_U/n_2_usedw[10]_i_1__0                                                                           | ap_rst                                                                                                                            |                3 |             11 |
|  ap_clk      | xn_channel_U/n_2_usedw[10]_i_1                                                                                         | ap_rst                                                                                                                            |                3 |             11 |
|  ap_clk      | fft_config1_U0/inst/U0/i_synth/axi_wrapper/E[0]                                                                        | fft_config1_U0/inst/U0/i_synth/axi_wrapper/SR[0]                                                                                  |                3 |             11 |
|  ap_clk      | fft_config1_U0/inst/U0/i_synth/axi_wrapper/n_2_symbols_out_remaining[10]_i_1                                           | fft_config1_U0/inst/U0/i_synth/axi_wrapper/reset_pipe[1]                                                                          |                5 |             11 |
|  ap_clk      | fft_config2_U0/inst/U0/i_synth/xfft_inst/non_floating_point.arch_d.xfft_inst/FLOW/start_reg_delay/E[0]                 | fft_config2_U0/inst/U0/i_synth/axi_wrapper/SR[0]                                                                                  |                5 |             12 |
|  ap_clk      | fft_config2_U0/inst/U0/i_synth/axi_wrapper/config_channel_fifo/gen_non_real_time.data_in_fifo_pt1/wr_enable            |                                                                                                                                   |                2 |             12 |
|  ap_clk      | filter_top_dummy_proc_fe_U0/i_reg_1710                                                                                 | filter_top_dummy_proc_fe_U0/n_2_i_reg_171[10]_i_1                                                                                 |                3 |             12 |
|  ap_clk      | fft_config2_U0/inst/U0/i_synth/axi_wrapper/tw_scale_reg_ce_3                                                           |                                                                                                                                   |                6 |             12 |
|  ap_clk      | filter_top_dummy_proc_fe_U0/inxn2_ce0                                                                                  |                                                                                                                                   |                3 |             12 |
|  ap_clk      | filter_top_dummy_proc_be_U0/Q[0]                                                                                       |                                                                                                                                   |                3 |             12 |
|  ap_clk      | fft_config1_U0/inst/U0/i_synth/axi_wrapper/config_channel_fifo/gen_non_real_time.data_in_fifo_pt1/wr_enable            |                                                                                                                                   |                2 |             12 |
|  ap_clk      | fft_config1_U0/inst/U0/i_synth/xfft_inst/non_floating_point.arch_d.xfft_inst/FLOW/start_reg_delay/E[0]                 | fft_config1_U0/inst/U0/i_synth/axi_wrapper/SR[0]                                                                                  |                5 |             12 |
|  ap_clk      | fft_config1_U0/inst/U0/i_synth/axi_wrapper/tw_scale_reg_ce_3                                                           |                                                                                                                                   |                5 |             12 |
|  ap_clk      | filter_top_dummy_proc_be_U0/outxk1_ce0                                                                                 | filter_top_dummy_proc_be_U0/i_reg_111                                                                                             |                3 |             12 |
|  ap_clk      | fft_config1_U0/inst/U0/i_synth/axi_wrapper/cnt_ce_19                                                                   | fft_config1_U0/inst/U0/i_synth/axi_wrapper/SR[0]                                                                                  |                4 |             13 |
|  ap_clk      | fft_config2_U0/inst/U0/i_synth/axi_wrapper/cnt_ce_13                                                                   | fft_config2_U0/inst/U0/i_synth/xfft_inst/non_floating_point.arch_d.xfft_inst/n_2_reset_delays[3].other.reset_del_reg[3]           |                4 |             13 |
|  ap_clk      | fft_config1_U0/inst/U0/i_synth/axi_wrapper/cnt_ce_18                                                                   | fft_config1_U0/inst/U0/i_synth/axi_wrapper/SR[0]                                                                                  |                4 |             13 |
|  ap_clk      | fft_config1_U0/inst/U0/i_synth/axi_wrapper/cnt_ce_16                                                                   | fft_config1_U0/inst/U0/i_synth/xfft_inst/non_floating_point.arch_d.xfft_inst/n_2_reset_delays[4].other.reset_del_reg[4]           |                4 |             13 |
|  ap_clk      | fft_config2_U0/inst/U0/i_synth/axi_wrapper/cnt_ce_15                                                                   | fft_config2_U0/inst/U0/i_synth/xfft_inst/non_floating_point.arch_d.xfft_inst/n_2_reset_delays[4].other.reset_del_reg[4]           |                4 |             13 |
|  ap_clk      | fft_config1_U0/inst/U0/i_synth/axi_wrapper/cnt_ce_13                                                                   | fft_config1_U0/inst/U0/i_synth/xfft_inst/non_floating_point.arch_d.xfft_inst/n_2_reset_delays[3].other.reset_del_reg[3]           |                4 |             13 |
|  ap_clk      | fft_config1_U0/inst/U0/i_synth/axi_wrapper/cnt_ce_2                                                                    | fft_config1_U0/inst/U0/i_synth/xfft_inst/non_floating_point.arch_d.xfft_inst/n_2_reset_delays[0].first.reset_del_reg[0]           |                4 |             13 |
|  ap_clk      | fft_config1_U0/inst/U0/i_synth/axi_wrapper/cnt_ce_9                                                                    | fft_config1_U0/inst/U0/i_synth/xfft_inst/non_floating_point.arch_d.xfft_inst/n_2_reset_delays[2].other.reset_del_reg[2]           |                5 |             13 |
|  ap_clk      | fft_config1_U0/inst/U0/i_synth/axi_wrapper/load_cnt_ce                                                                 | fft_config1_U0/inst/U0/i_synth/axi_wrapper/SR[0]                                                                                  |                4 |             13 |
|  ap_clk      | fft_config2_U0/inst/U0/i_synth/axi_wrapper/load_cnt_ce                                                                 | fft_config2_U0/inst/U0/i_synth/axi_wrapper/SR[0]                                                                                  |                4 |             13 |
|  ap_clk      | fft_config2_U0/inst/U0/i_synth/axi_wrapper/cnt_ce_9                                                                    | fft_config2_U0/inst/U0/i_synth/xfft_inst/non_floating_point.arch_d.xfft_inst/n_2_reset_delays[2].other.reset_del_reg[2]           |                4 |             13 |
|  ap_clk      | fft_config2_U0/inst/U0/i_synth/axi_wrapper/cnt_ce_2                                                                    | fft_config2_U0/inst/U0/i_synth/xfft_inst/non_floating_point.arch_d.xfft_inst/n_2_reset_delays[0].first.reset_del_reg[0]           |                4 |             13 |
|  ap_clk      | fft_config2_U0/inst/U0/i_synth/axi_wrapper/cnt_ce_19                                                                   | fft_config2_U0/inst/U0/i_synth/axi_wrapper/SR[0]                                                                                  |                4 |             13 |
|  ap_clk      | fft_config2_U0/inst/U0/i_synth/axi_wrapper/cnt_ce_12                                                                   | fft_config2_U0/inst/U0/i_synth/xfft_inst/non_floating_point.arch_d.xfft_inst/n_2_reset_delays[3].other.reset_del_reg[3]           |                4 |             13 |
|  ap_clk      | fft_config1_U0/inst/U0/i_synth/axi_wrapper/cnt_ce_15                                                                   | fft_config1_U0/inst/U0/i_synth/xfft_inst/non_floating_point.arch_d.xfft_inst/n_2_reset_delays[4].other.reset_del_reg[4]           |                4 |             13 |
|  ap_clk      | fft_config1_U0/inst/U0/i_synth/axi_wrapper/cnt_ce_12                                                                   | fft_config1_U0/inst/U0/i_synth/xfft_inst/non_floating_point.arch_d.xfft_inst/n_2_reset_delays[3].other.reset_del_reg[3]           |                4 |             13 |
|  ap_clk      | fft_config2_U0/inst/U0/i_synth/axi_wrapper/cnt_ce_18                                                                   | fft_config2_U0/inst/U0/i_synth/axi_wrapper/SR[0]                                                                                  |                4 |             13 |
|  ap_clk      | fft_config2_U0/inst/U0/i_synth/axi_wrapper/cnt_ce_16                                                                   | fft_config2_U0/inst/U0/i_synth/xfft_inst/non_floating_point.arch_d.xfft_inst/n_2_reset_delays[4].other.reset_del_reg[4]           |                4 |             13 |
|  ap_clk      | fft_config2_U0/inst/U0/i_synth/axi_wrapper/cnt_ce_1                                                                    | fft_config2_U0/inst/U0/i_synth/xfft_inst/non_floating_point.arch_d.xfft_inst/n_2_reset_delays[0].first.reset_del_reg[0]           |                5 |             13 |
|  ap_clk      | fft_config2_U0/inst/U0/i_synth/axi_wrapper/cnt_ce                                                                      | fft_config2_U0/inst/U0/i_synth/xfft_inst/non_floating_point.arch_d.xfft_inst/n_2_reset_delays[1].other.reset_del_reg[1]           |                4 |             13 |
|  ap_clk      | fft_config2_U0/inst/U0/i_synth/axi_wrapper/cnt_ce_0                                                                    | fft_config2_U0/inst/U0/i_synth/xfft_inst/non_floating_point.arch_d.xfft_inst/n_2_reset_delays[1].other.reset_del_reg[1]           |                4 |             13 |
|  ap_clk      | fft_config1_U0/inst/U0/i_synth/axi_wrapper/cnt_ce_10                                                                   | fft_config1_U0/inst/U0/i_synth/xfft_inst/non_floating_point.arch_d.xfft_inst/n_2_reset_delays[2].other.reset_del_reg[2]           |                4 |             13 |
|  ap_clk      | fft_config2_U0/inst/U0/i_synth/axi_wrapper/cnt_ce_10                                                                   | fft_config2_U0/inst/U0/i_synth/xfft_inst/non_floating_point.arch_d.xfft_inst/n_2_reset_delays[2].other.reset_del_reg[2]           |                4 |             13 |
|  ap_clk      | fft_config1_U0/inst/U0/i_synth/axi_wrapper/cnt_ce_0                                                                    | fft_config1_U0/inst/U0/i_synth/xfft_inst/non_floating_point.arch_d.xfft_inst/n_2_reset_delays[1].other.reset_del_reg[1]           |                4 |             13 |
|  ap_clk      | fft_config1_U0/inst/U0/i_synth/axi_wrapper/cnt_ce                                                                      | fft_config1_U0/inst/U0/i_synth/xfft_inst/non_floating_point.arch_d.xfft_inst/n_2_reset_delays[1].other.reset_del_reg[1]           |                5 |             13 |
|  ap_clk      | fft_config1_U0/inst/U0/i_synth/axi_wrapper/cnt_ce_1                                                                    | fft_config1_U0/inst/U0/i_synth/xfft_inst/non_floating_point.arch_d.xfft_inst/n_2_reset_delays[0].first.reset_del_reg[0]           |                4 |             13 |
|  ap_clk      | fft_config_inv_data_V_U/pop                                                                                            | ap_rst                                                                                                                            |                7 |             16 |
|  ap_clk      | fft_config_fwd_data_V_U/pop                                                                                            | ap_rst                                                                                                                            |                6 |             16 |
|  ap_clk      | fft_config2_U0/inst/U0/i_synth/axi_wrapper/ce_w2c                                                                      | fft_config2_U0/inst/U0/i_synth/axi_wrapper/SR[0]                                                                                  |                8 |             19 |
|  ap_clk      | fft_config1_U0/inst/U0/i_synth/axi_wrapper/ce_w2c                                                                      | fft_config1_U0/inst/U0/i_synth/axi_wrapper/SR[0]                                                                                  |                9 |             19 |
|  ap_clk      | filter_top_dummy_proc_fe_U0/if_write                                                                                   | ap_rst                                                                                                                            |                9 |             23 |
|  ap_clk      |                                                                                                                        | fft_config2_U0/inst/U0/i_synth/axi_wrapper/reset_pipe[1]                                                                          |               13 |             28 |
|  ap_clk      |                                                                                                                        | fft_config1_U0/inst/U0/i_synth/axi_wrapper/reset_pipe[1]                                                                          |               14 |             28 |
|  ap_clk      | filter_top_dummy_proc_fe_U0/ap_sig_bdd_98                                                                              |                                                                                                                                   |               12 |             64 |
|  ap_clk      | xn2_channel_U/pop                                                                                                      | ap_rst                                                                                                                            |               20 |             64 |
|  ap_clk      | xn_channel_U/pop                                                                                                       | ap_rst                                                                                                                            |               27 |             64 |
|  ap_clk      | xk2_channel_U/pop                                                                                                      | ap_rst                                                                                                                            |               19 |             64 |
|  ap_clk      | xk_channel_U/pop                                                                                                       | ap_rst                                                                                                                            |               19 |             64 |
|  ap_clk      | filter_top_dummy_proc_be_U0/ap_sig_bdd_139                                                                             |                                                                                                                                   |               18 |             64 |
|  ap_clk      | fft_config2_U0/inst/U0/i_synth/axi_wrapper/data_in_channel_fifo/gen_non_real_time.data_in_fifo_pt1/E[0]                | fft_config2_U0/inst/U0/i_synth/axi_wrapper/reset_pipe[1]                                                                          |               14 |             64 |
|  ap_clk      | fft_config2_U0/inst/U0/i_synth/axi_wrapper/ce_w2c                                                                      | fft_config2_U0/inst/U0/i_synth/axi_wrapper/O6[0]                                                                                  |               15 |             64 |
|  ap_clk      | fft_config1_U0/inst/U0/i_synth/axi_wrapper/data_in_channel_fifo/gen_non_real_time.data_in_fifo_pt1/E[0]                | fft_config1_U0/inst/U0/i_synth/axi_wrapper/reset_pipe[1]                                                                          |               11 |             64 |
|  ap_clk      | fft_config1_U0/inst/U0/i_synth/axi_wrapper/data_in_channel_fifo/gen_non_real_time.data_in_fifo_pt1/O1[0]               | fft_config1_U0/inst/U0/i_synth/axi_wrapper/reset_pipe[1]                                                                          |               19 |             64 |
|  ap_clk      | fft_config2_U0/inst/U0/i_synth/axi_wrapper/data_out_channel/data_out_fifo_write                                        |                                                                                                                                   |                8 |             64 |
|  ap_clk      | fft_config1_U0/inst/U0/i_synth/axi_wrapper/data_in_channel_fifo/gen_non_real_time.data_in_fifo_pt1/wr_enable           |                                                                                                                                   |                8 |             64 |
|  ap_clk      | fft_config2_U0/inst/U0/i_synth/axi_wrapper/data_out_channel/gen_non_real_time.fifo/fifo0/rd_enable                     |                                                                                                                                   |                8 |             64 |
|  ap_clk      | fft_config2_U0/inst/U0/i_synth/axi_wrapper/data_in_channel_fifo/gen_non_real_time.data_in_fifo_pt1/O1[0]               | fft_config2_U0/inst/U0/i_synth/axi_wrapper/reset_pipe[1]                                                                          |               21 |             64 |
|  ap_clk      | fft_config2_U0/inst/U0/i_synth/axi_wrapper/data_in_channel_fifo/gen_non_real_time.data_in_fifo_pt1/wr_enable           |                                                                                                                                   |                8 |             64 |
|  ap_clk      | fft_config1_U0/inst/U0/i_synth/axi_wrapper/data_out_channel/data_out_fifo_write                                        |                                                                                                                                   |                8 |             64 |
|  ap_clk      | fft_config1_U0/inst/U0/i_synth/axi_wrapper/data_out_channel/gen_non_real_time.fifo/fifo0/rd_enable                     |                                                                                                                                   |                8 |             64 |
|  ap_clk      | fft_config1_U0/inst/U0/i_synth/axi_wrapper/ce_w2c                                                                      | fft_config1_U0/inst/U0/i_synth/axi_wrapper/O6[0]                                                                                  |               21 |             64 |
|  ap_clk      | fft_config2_U0/WEBWE[0]                                                                                                | ap_rst                                                                                                                            |               12 |             70 |
|  ap_clk      | filter_top_dummy_proc_fe_U0/push                                                                                       | ap_rst                                                                                                                            |               18 |             70 |
|  ap_clk      | fft_config1_U0/WEBWE[0]                                                                                                | ap_rst                                                                                                                            |               14 |             70 |
|  ap_clk      |                                                                                                                        | ap_rst                                                                                                                            |               31 |             75 |
|  ap_clk      | filter_top_dummy_proc_fe_U0/push_0                                                                                     | ap_rst                                                                                                                            |               34 |             75 |
|  ap_clk      | filter_top_dummy_proc_be_U0/ap_NS_fsm[3]                                                                               |                                                                                                                                   |               59 |            192 |
|  ap_clk      | filter_top_dummy_proc_be_U0/ap_sig_bdd_124                                                                             |                                                                                                                                   |               68 |            252 |
|  ap_clk      |                                                                                                                        |                                                                                                                                   |              294 |           1077 |
|  ap_clk      | fft_config1_U0/inst/U0/i_synth/axi_wrapper/ce_w2c                                                                      |                                                                                                                                   |             1881 |           8889 |
|  ap_clk      | fft_config2_U0/inst/U0/i_synth/axi_wrapper/ce_w2c                                                                      |                                                                                                                                   |             1914 |           8889 |
+--------------+------------------------------------------------------------------------------------------------------------------------+-----------------------------------------------------------------------------------------------------------------------------------+------------------+----------------+


